BREAK: 1  C:$1000  (Stop on exec)
BREAK: 2  C:$e147  (Stop on exec)
#1 (Stop on  exec 1000)  296/$128,  47/$2f
.C:1000  E8          INX            - A:00 X:00 Y:00 SP:f7 ..-.....    2161199
#2 (Stop on  exec e147)  296/$128,  59/$3b
.C:e147  08          PHP            - A:FF X:01 Y:00 SP:f9 ..-.....    2161211
>C:1005  01                                                   
.C:e143  28          PLP            A:00 X:00 Y:00 SP:f6 ..-...Z.      2161190
.C:e144  6C 14 00    JMP ($0014)    A:00 X:00 Y:00 SP:f7 ..-.....      2161194
.C:1000  E8          INX            A:ff X:00 Y:00 SP:f7 ..-.....      2161199
.C:1001  8E 05 10    STX $1005      A:ff X:01 Y:00 SP:f7 ..-.....      2161201
.C:1004  60          RTS            A:ff X:01 Y:00 SP:f7 ..-.....      2161205
