BREAK: 1  C:$c000  (Stop on exec)
#1 (Stop on  exec c000)    0/$000,   2/$02
.C:c000  EE 06 C0    INC $C006      - A:00 X:00 Y:0A SP:f3 ..-B..Z.    2142506
>C:c006  00                                                   
.C:c003  4C 00 C0    JMP $C000      - A:00 X:00 Y:0A SP:f3 ..-B....    2142512
>C:c006  01                                                   
